
===================================================
Fatura S─▒ra No Senkronizasyonu Test Ediliyor...
===================================================

2026-01-26 15:33:16 [[32minfo[39m] [invoice-sync]: Belge seri ve s─▒ra numaralar─▒ senkronize ediliyor...
2026-01-26 15:33:16 [[32minfo[39m] [db-connection]: PostgreSQL ba─şlant─▒s─▒ ba┼şar─▒l─▒
2026-01-26 15:33:17 [[32minfo[39m] [db-connection]: MS SQL ba─şlant─▒s─▒ ba┼şar─▒l─▒
2026-01-26 15:33:17 [[32minfo[39m] [invoice-sync]: TRENDYOL G├╝ncelleme: 557 -> 558
2026-01-26 15:33:17 [[32minfo[39m] [invoice-sync]: HEPSIBURADA G├╝ncelleme: 548 -> 549
2026-01-26 15:33:17 [[32minfo[39m] [invoice-sync]: SATI┼Ş/FATURA G├╝ncelleme: 36 -> 37
2026-01-26 15:33:17 [[32minfo[39m] [invoice-sync]: Fatura ayarlar─▒ g├╝ncellendi (ID: 35f80c89-c74d-41f1-8fe5-13e3aff97652)
2026-01-26 15:33:17 [[32minfo[39m] [invoice-sync]: TRENDYOL G├╝ncelleme: 557 -> 558
2026-01-26 15:33:17 [[32minfo[39m] [invoice-sync]: HEPSIBURADA G├╝ncelleme: 548 -> 549
2026-01-26 15:33:17 [[32minfo[39m] [invoice-sync]: SATI┼Ş/FATURA G├╝ncelleme: 36 -> 37
2026-01-26 15:33:17 [[32minfo[39m] [invoice-sync]: Fatura ayarlar─▒ g├╝ncellendi (ID: 83ea8975-091c-4053-a891-46f069d83e19)
2026-01-26 15:33:17 [[32minfo[39m] [invoice-sync]: TRENDYOL G├╝ncelleme: 557 -> 558
2026-01-26 15:33:17 [[32minfo[39m] [invoice-sync]: HEPSIBURADA G├╝ncelleme: 548 -> 549
2026-01-26 15:33:17 [[32minfo[39m] [invoice-sync]: SATI┼Ş/FATURA G├╝ncelleme: 36 -> 37
2026-01-26 15:33:18 [[32minfo[39m] [invoice-sync]: Fatura ayarlar─▒ g├╝ncellendi (ID: c8ca8742-5225-434b-b75d-70af82ab083b)
2026-01-26 15:33:18 [[32minfo[39m] [invoice-sync]: TRENDYOL G├╝ncelleme: 3 -> 558
2026-01-26 15:33:18 [[32minfo[39m] [invoice-sync]: HEPSIBURADA G├╝ncelleme: 3 -> 549
2026-01-26 15:33:18 [[32minfo[39m] [invoice-sync]: N11 G├╝ncelleme: 1 -> 222
2026-01-26 15:33:18 [[32minfo[39m] [invoice-sync]: EPTT G├╝ncelleme: 1 -> 191
2026-01-26 15:33:18 [[32minfo[39m] [invoice-sync]: SATI┼Ş/FATURA G├╝ncelleme: 1 -> 37
2026-01-26 15:33:18 [[32minfo[39m] [invoice-sync]: ALI┼Ş G├╝ncelleme: 1 -> 24
2026-01-26 15:33:18 [[32minfo[39m] [invoice-sync]: TAHS─░LAT G├╝ncelleme: 1 -> 58
2026-01-26 15:33:18 [[32minfo[39m] [invoice-sync]: ─░ADE G├╝ncelleme: 1 -> 3
2026-01-26 15:33:18 [[32minfo[39m] [invoice-sync]: SAYIM G├╝ncelleme: 1 -> 18
2026-01-26 15:33:18 [[32minfo[39m] [invoice-sync]: Fatura ayarlar─▒ g├╝ncellendi (ID: 4e54f07d-f327-4f80-8d44-8df2dca75edd)
2026-01-26 15:33:18 [[32minfo[39m] [invoice-sync]: Ô£à Belge s─▒ra numaralar─▒ senkronizasyonu tamamland─▒.

Ô£à Test ba┼şar─▒yla tamamland─▒.
2026-01-26 15:33:18 [[32minfo[39m]: PostgreSQL ba─şlant─▒s─▒ kapat─▒ld─▒
2026-01-26 15:33:18 [[32minfo[39m]: MS SQL ba─şlant─▒s─▒ kapat─▒ld─▒
